// Jest Snapshot v1, https://goo.gl/fbAQLP

exports[`Logo component should renders correctly 1`] = `
<div>
  <span
    class="logo"
  >
    Bankomat
    <br />
    Online
  </span>
</div>
`;
